{
  "errors": [
    {
      "message": "The provided value for filter \u0060lt\u0060 of type FooNullableFilter is invalid. Null values are not supported.",
      "locations": [
        {
          "line": 1,
          "column": 33
        }
      ],
      "path": [
        "root"
      ],
      "extensions": {
        "expectedType": "Short!",
        "filterType": "FooNullableFilter"
      }
    }
  ],
  "data": {
    "root": []
  }
}
