SELECT [d].[Id], [d].[BarEnum]
FROM [Data] AS [d]
WHERE [d].[BarEnum] IS NOT NULL
