SELECT [d].[Id], [d].[Bar]
FROM [Data] AS [d]
WHERE [d].[Bar] IS NOT NULL AND (CHARINDEX(N'b', [d].[Bar]) > 0)
