SELECT [d].[Id], [d].[Bar]
FROM [Data] AS [d]
WHERE [d].[Bar] <> CAST(0 AS bit)
