SELECT [d].[Id], [d].[BarShort]
FROM [Data] AS [d]
WHERE [d].[BarShort] <= CAST(14 AS smallint)
