{
  "Data": {
    "root": [
      {
        "bar": false
      }
    ]
  },
  "Errors": null,
  "Extensions": null,
  "ContextData": null
}
