SELECT [d].[Id], [d].[Bar]
FROM [Data] AS [d]
WHERE [d].[Bar] IS NOT NULL AND ([d].[Bar] IS NOT NULL AND ([d].[Bar] LIKE N'%atest'))
