SELECT [d].[Id]
FROM [Data] AS [d]
WHERE NOT EXISTS (
    SELECT 1
    FROM [FooNested] AS [f]
    WHERE ([d].[Id] = [f].[FooId]) AND (([f].[Bar] <> N'a') OR [f].[Bar] IS NULL))
