SELECT [d].[Id], [d].[Bar]
FROM [Data] AS [d]
WHERE [d].[Bar] IS NULL OR ([d].[Bar] IS NULL OR NOT ([d].[Bar] LIKE N'%btest'))
