SELECT [d].[Id], [d].[FooId]
FROM [Data] AS [d]
LEFT JOIN [FooNullable] AS [f] ON [d].[FooId] = [f].[Id]
WHERE [f].[BarBool] = CAST(1 AS bit)
