SELECT [d].[Id], [d].[Bar]
FROM [Data] AS [d]
WHERE ([d].[Bar] <> CAST(1 AS bit)) OR [d].[Bar] IS NULL
