{
  "Data": {
    "root": []
  },
  "Errors": [
    {
      "Message": "The provided value for filter `nlte` of type FooNullableFilter is invalid. Null values are not supported.",
      "Code": null,
      "Path": {
        "Parent": null,
        "Depth": 0,
        "Name": "root"
      },
      "Locations": [
        {
          "Line": 1,
          "Column": 35
        }
      ],
      "Extensions": {
        "expectedType": "Short!",
        "filterType": "FooNullableFilter"
      },
      "Exception": null
    }
  ],
  "Extensions": null,
  "ContextData": null
}
