SELECT [d].[Id], [d].[BarEnum]
FROM [Data] AS [d]
WHERE ([d].[BarEnum] <> 0) OR [d].[BarEnum] IS NULL
