{
  "Data": {
    "root": [
      {
        "barShort": 12
      },
      {
        "barShort": 14
      }
    ]
  },
  "Errors": null,
  "Extensions": null,
  "ContextData": null
}
