{
  "Data": null,
  "Errors": [
    {
      "Message": "The specified value type of field `in` does not match the field type.",
      "Code": null,
      "Path": {
        "Parent": null,
        "Depth": 0,
        "Name": "root"
      },
      "Locations": [
        {
          "Line": 1,
          "Column": 33
        }
      ],
      "Extensions": {
        "fieldName": "in",
        "fieldType": "[Short!]",
        "locationType": "[Short!]",
        "specifiedBy": "http://spec.graphql.org/June2018/#sec-Values-of-Correct-Type"
      },
      "Exception": null
    }
  ],
  "Extensions": null,
  "ContextData": null
}
