{
  "Data": {
    "root": [
      {
        "barShort": 13
      }
    ]
  },
  "Errors": null,
  "Extensions": null,
  "ContextData": null
}
