SELECT [d].[Id], [d].[Bar]
FROM [Data] AS [d]
WHERE [d].[Bar] IS NULL OR (CHARINDEX(N'b', [d].[Bar]) <= 0)
