SELECT [d].[Id], [d].[BarShort]
FROM [Data] AS [d]
WHERE [d].[BarShort] IS NULL
