{
  "Data": {
    "root": []
  },
  "Errors": null,
  "Extensions": null,
  "ContextData": null
}
